// Jest Snapshot v1, https://goo.gl/fbAQLP

exports[`Input should match snapshot 1`] = `
<div
  className="toolkit container"
>
  <div
    className="content hasValue"
  >
    <input
      aria-hidden={false}
      aria-label="label"
      aria-required={false}
      className=""
      data-qa=""
      disabled={false}
      hidden={false}
      id="id"
      name="name"
      onBlur={[Function]}
      onChange={[Function]}
      onFocus={[Function]}
      onKeyDown={[Function]}
      required={false}
      spellCheck={false}
      type="text"
      value="value"
    />
    <label
      className=""
      htmlFor="id"
    >
      label
    </label>
  </div>
  <span
    className="helper"
  >
    helper
  </span>
</div>
`;
